<!DOCTYPE html>
<html lang="en">
<head>
  <meta charset="utf-8">
<!-- testcpp.cpp -->
  <title>QDoc Test C++ Classes | TestCPP</title>
</head>
<body>
<div class="sidebar">
<div class="toc">
<h3 id="toc">Contents</h3>
<ul>
<li class="level1"><a href="#namespaces">Namespaces</a></li>
<li class="level1"><a href="#classes">Classes</a></li>
<li class="level1"><a href="#details">Detailed Description</a></li>
</ul>
</div>
<div class="sidebar-content" id="sidebar-content"></div></div>
<h1 class="title">QDoc Test C++ Classes</h1>
<!-- $$$TestCPP-brief -->
<p>A test module page. <a href="#details">More...</a></p>
<!-- @@@TestCPP -->
<h2 id="namespaces">Namespaces</h2>
<div class="table"><table class="annotated">
<tr class="odd topAlign"><td class="tblName"><p><a href="crossmoduleref.html">CrossModuleRef</a></p></td><td class="tblDescr"><p>Namespace that has documented functions in multiple modules</p></td></tr>
<tr class="even topAlign"><td class="tblName"><p><a href="testqdoc.html">TestQDoc</a></p></td><td class="tblDescr"><p>A namespace</p></td></tr>
</table></div>
<h2 id="classes">Classes</h2>
<div class="table"><table class="annotated">
<tr class="odd topAlign"><td class="tblName"><p><a href="testqdoc-test.html">TestQDoc::Test</a></p></td><td class="tblDescr"><p>A class in a namespace</p></td></tr>
<tr class="even topAlign"><td class="tblName"><p><a href="testqdoc-testderived.html">TestQDoc::TestDerived</a></p></td><td class="tblDescr"><p>A derived class in a namespace</p></td></tr>
</table></div>
<!-- $$$TestCPP-description -->
<div class="descr">
<h2 id="details">Detailed Description</h2>
<div class="admonition note">
<p><b>Note: </b>This is just a test.</p>
</div>
<p><b>This module was introduced in version 5.15.</b></p>
</div>
<!-- @@@TestCPP -->
</body>
</html>
