<!DOCTYPE html>
<html lang="en">
<head>
  <meta charset="utf-8">
<!-- testcpp.cpp -->
  <title>QDoc Test C++ Classes | Test</title>
</head>
<body>
<div class="sidebar">
<div class="toc">
<h3 id="toc">Contents</h3>
<ul>
<li class="level1"><a href="#details">Detailed Description</a></li>
</ul>
</div>
<div class="sidebar-content" id="sidebar-content"></div></div>
<h1 class="title">QDoc Test C++ Classes</h1>
<!-- $$$TestCPP-brief -->
<p>A test module page. <a href="#details">More...</a></p>
<!-- @@@TestCPP -->
<!-- $$$TestCPP-description -->
<div class="descr">
<h2 id="details">Detailed Description</h2>
<div class="admonition note">
<p><b>Note: </b>This is just a test.</p>
</div>
</div>
<!-- @@@TestCPP -->
</body>
</html>
